---
http_interactions:
- request:
    method: put
    uri: http://localhost:3200/source/my_project/_meta
    body:
      encoding: UTF-8
      string: |
        <project name="my_project">
          <title>Alone on a Wide, Wide Sea</title>
          <description/>
        </project>
    headers:
      Accept-Encoding:
      - gzip;q=1.0,deflate;q=0.6,identity;q=0.3
      Accept:
      - "*/*"
      User-Agent:
      - Ruby
  response:
    status:
      code: 200
      message: OK
    headers:
      Content-Type:
      - text/xml
      Cache-Control:
      - no-cache
      Connection:
      - close
      Content-Length:
      - '112'
    body:
      encoding: UTF-8
      string: |
        <project name="my_project">
          <title>Alone on a Wide, Wide Sea</title>
          <description></description>
        </project>
    http_version: 
  recorded_at: Wed, 25 Jan 2017 13:33:59 GMT
- request:
    method: put
    uri: http://localhost:3200/source/my_project/_config
    body:
      encoding: UTF-8
      string: Et modi non voluptas necessitatibus. Voluptatibus doloremque id quia
        praesentium qui rerum animi. Exercitationem ex aliquid harum enim dolor ipsam
        magni. Illum laboriosam non ullam labore.
    headers:
      Accept-Encoding:
      - gzip;q=1.0,deflate;q=0.6,identity;q=0.3
      Accept:
      - "*/*"
      User-Agent:
      - Ruby
  response:
    status:
      code: 200
      message: OK
    headers:
      Content-Type:
      - text/xml
      Cache-Control:
      - no-cache
      Connection:
      - close
      Content-Length:
      - '21'
    body:
      encoding: UTF-8
      string: '<status code="ok" />

'
    http_version: 
  recorded_at: Wed, 25 Jan 2017 13:33:59 GMT
- request:
    method: put
    uri: http://localhost:3200/source/my_project/first_package/_meta?user=admin
    body:
      encoding: UTF-8
      string: |
        <package name="first_package" project="my_project">
          <title/>
          <description/>
        </package>
    headers:
      Accept-Encoding:
      - gzip;q=1.0,deflate;q=0.6,identity;q=0.3
      Accept:
      - "*/*"
      User-Agent:
      - Ruby
  response:
    status:
      code: 200
      message: OK
    headers:
      Content-Type:
      - text/xml
      Cache-Control:
      - no-cache
      Connection:
      - close
      Content-Length:
      - '111'
    body:
      encoding: UTF-8
      string: |
        <package name="first_package" project="my_project">
          <title></title>
          <description></description>
        </package>
    http_version: 
  recorded_at: Wed, 25 Jan 2017 13:33:59 GMT
- request:
    method: put
    uri: http://localhost:3200/source/my_project/first_package/_meta
    body:
      encoding: UTF-8
      string: |
        <package name="first_package" project="my_project">
          <title/>
          <description/>
        </package>
    headers:
      Accept-Encoding:
      - gzip;q=1.0,deflate;q=0.6,identity;q=0.3
      Accept:
      - "*/*"
      User-Agent:
      - Ruby
  response:
    status:
      code: 200
      message: OK
    headers:
      Content-Type:
      - text/xml
      Cache-Control:
      - no-cache
      Connection:
      - close
      Content-Length:
      - '111'
    body:
      encoding: UTF-8
      string: |
        <package name="first_package" project="my_project">
          <title></title>
          <description></description>
        </package>
    http_version: 
  recorded_at: Wed, 25 Jan 2017 13:33:59 GMT
- request:
    method: put
    uri: http://localhost:3200/source/my_project/first_package/_config
    body:
      encoding: UTF-8
      string: Quas corrupti temporibus et illum. Sunt quo omnis consequuntur. Omnis
        debitis consectetur vel commodi rerum. Voluptatem illo perspiciatis libero
        dolorum velit sunt tempora.
    headers:
      Accept-Encoding:
      - gzip;q=1.0,deflate;q=0.6,identity;q=0.3
      Accept:
      - "*/*"
      User-Agent:
      - Ruby
  response:
    status:
      code: 200
      message: OK
    headers:
      Content-Type:
      - text/xml
      Cache-Control:
      - no-cache
      Connection:
      - close
      Content-Length:
      - '207'
    body:
      encoding: UTF-8
      string: |
        <revision rev="3" vrev="3">
          <srcmd5>8881625f039b1862ea978faa750dbea9</srcmd5>
          <version>unknown</version>
          <time>1485351239</time>
          <user>unknown</user>
          <comment></comment>
          <requestid/>
        </revision>
    http_version: 
  recorded_at: Wed, 25 Jan 2017 13:33:59 GMT
- request:
    method: put
    uri: http://localhost:3200/source/my_project/first_package/somefile.txt
    body:
      encoding: UTF-8
      string: Quia nisi eum sit et. Fugiat exercitationem eveniet. Repellendus quia
        perferendis itaque et doloremque voluptas vel. Necessitatibus facilis sed
        dignissimos consequatur.
    headers:
      Accept-Encoding:
      - gzip;q=1.0,deflate;q=0.6,identity;q=0.3
      Accept:
      - "*/*"
      User-Agent:
      - Ruby
  response:
    status:
      code: 200
      message: OK
    headers:
      Content-Type:
      - text/xml
      Cache-Control:
      - no-cache
      Connection:
      - close
      Content-Length:
      - '207'
    body:
      encoding: UTF-8
      string: |
        <revision rev="4" vrev="4">
          <srcmd5>3cb0bd2f34233bef41bc68c6b8a75ebc</srcmd5>
          <version>unknown</version>
          <time>1485351239</time>
          <user>unknown</user>
          <comment></comment>
          <requestid/>
        </revision>
    http_version: 
  recorded_at: Wed, 25 Jan 2017 13:33:59 GMT
- request:
    method: put
    uri: http://localhost:3200/source/my_project/second_package/_meta?user=admin
    body:
      encoding: UTF-8
      string: |
        <package name="second_package" project="my_project">
          <title/>
          <description/>
        </package>
    headers:
      Accept-Encoding:
      - gzip;q=1.0,deflate;q=0.6,identity;q=0.3
      Accept:
      - "*/*"
      User-Agent:
      - Ruby
  response:
    status:
      code: 200
      message: OK
    headers:
      Content-Type:
      - text/xml
      Cache-Control:
      - no-cache
      Connection:
      - close
      Content-Length:
      - '112'
    body:
      encoding: UTF-8
      string: |
        <package name="second_package" project="my_project">
          <title></title>
          <description></description>
        </package>
    http_version: 
  recorded_at: Wed, 25 Jan 2017 13:34:00 GMT
- request:
    method: put
    uri: http://localhost:3200/source/my_project/second_package/_meta
    body:
      encoding: UTF-8
      string: |
        <package name="second_package" project="my_project">
          <title/>
          <description/>
        </package>
    headers:
      Accept-Encoding:
      - gzip;q=1.0,deflate;q=0.6,identity;q=0.3
      Accept:
      - "*/*"
      User-Agent:
      - Ruby
  response:
    status:
      code: 200
      message: OK
    headers:
      Content-Type:
      - text/xml
      Cache-Control:
      - no-cache
      Connection:
      - close
      Content-Length:
      - '112'
    body:
      encoding: UTF-8
      string: |
        <package name="second_package" project="my_project">
          <title></title>
          <description></description>
        </package>
    http_version: 
  recorded_at: Wed, 25 Jan 2017 13:34:00 GMT
- request:
    method: put
    uri: http://localhost:3200/source/my_project/second_package/_config
    body:
      encoding: UTF-8
      string: Culpa aut ea. Natus nihil exercitationem nisi est. Ut aut quis animi
        aut.
    headers:
      Accept-Encoding:
      - gzip;q=1.0,deflate;q=0.6,identity;q=0.3
      Accept:
      - "*/*"
      User-Agent:
      - Ruby
  response:
    status:
      code: 200
      message: OK
    headers:
      Content-Type:
      - text/xml
      Cache-Control:
      - no-cache
      Connection:
      - close
      Content-Length:
      - '207'
    body:
      encoding: UTF-8
      string: |
        <revision rev="3" vrev="3">
          <srcmd5>c32c76fb61383123bdb10374e24f61b0</srcmd5>
          <version>unknown</version>
          <time>1485351240</time>
          <user>unknown</user>
          <comment></comment>
          <requestid/>
        </revision>
    http_version: 
  recorded_at: Wed, 25 Jan 2017 13:34:00 GMT
- request:
    method: put
    uri: http://localhost:3200/source/my_project/second_package/somefile.txt
    body:
      encoding: UTF-8
      string: Aut exercitationem quaerat sint deleniti dolorem. Ut quam culpa neque
        illum. Cum dolorem sunt sint ut eum ullam perferendis. Eligendi deserunt enim.
    headers:
      Accept-Encoding:
      - gzip;q=1.0,deflate;q=0.6,identity;q=0.3
      Accept:
      - "*/*"
      User-Agent:
      - Ruby
  response:
    status:
      code: 200
      message: OK
    headers:
      Content-Type:
      - text/xml
      Cache-Control:
      - no-cache
      Connection:
      - close
      Content-Length:
      - '207'
    body:
      encoding: UTF-8
      string: |
        <revision rev="4" vrev="4">
          <srcmd5>d0af6c2f31cf8d8d8c241467b3281034</srcmd5>
          <version>unknown</version>
          <time>1485351240</time>
          <user>unknown</user>
          <comment></comment>
          <requestid/>
        </revision>
    http_version: 
  recorded_at: Wed, 25 Jan 2017 13:34:00 GMT
- request:
    method: put
    uri: http://localhost:3200/source/home:admin/_meta?user=admin
    body:
      encoding: UTF-8
      string: |
        <project name="home:admin">
          <title/>
          <description/>
          <person userid="admin" role="maintainer"/>
        </project>
    headers:
      Accept-Encoding:
      - gzip;q=1.0,deflate;q=0.6,identity;q=0.3
      Accept:
      - "*/*"
      User-Agent:
      - Ruby
  response:
    status:
      code: 200
      message: OK
    headers:
      Content-Type:
      - text/xml
      Cache-Control:
      - no-cache
      Connection:
      - close
      Content-Length:
      - '133'
    body:
      encoding: UTF-8
      string: |
        <project name="home:admin">
          <title></title>
          <description></description>
          <person userid="admin" role="maintainer" />
        </project>
    http_version: 
  recorded_at: Wed, 25 Jan 2017 13:34:00 GMT
recorded_with: VCR 3.0.3
