---
http_interactions:
- request:
    method: put
    uri: http://localhost:3200/source/home:tom/_meta?user=tom
    body:
      encoding: UTF-8
      string: |
        <project name="home:tom">
          <title/>
          <description/>
          <person userid="tom" role="maintainer"/>
        </project>
    headers:
      Accept-Encoding:
      - gzip;q=1.0,deflate;q=0.6,identity;q=0.3
      Accept:
      - "*/*"
      User-Agent:
      - Ruby
  response:
    status:
      code: 200
      message: OK
    headers:
      Content-Type:
      - text/xml
      Cache-Control:
      - no-cache
      Connection:
      - close
      Content-Length:
      - '129'
    body:
      encoding: UTF-8
      string: |
        <project name="home:tom">
          <title></title>
          <description></description>
          <person userid="tom" role="maintainer" />
        </project>
    http_version: 
  recorded_at: Wed, 03 May 2017 14:37:41 GMT
- request:
    method: put
    uri: http://localhost:3200/source/home:tom/test_package/_meta?user=_nobody_
    body:
      encoding: UTF-8
      string: |
        <package name="test_package" project="home:tom">
          <title>The Golden Bowl</title>
          <description>Sed a reprehenderit culpa iusto eum architecto.</description>
        </package>
    headers:
      Accept-Encoding:
      - gzip;q=1.0,deflate;q=0.6,identity;q=0.3
      Accept:
      - "*/*"
      User-Agent:
      - Ruby
  response:
    status:
      code: 200
      message: OK
    headers:
      Content-Type:
      - text/xml
      Cache-Control:
      - no-cache
      Connection:
      - close
      Content-Length:
      - '170'
    body:
      encoding: UTF-8
      string: |
        <package name="test_package" project="home:tom">
          <title>The Golden Bowl</title>
          <description>Sed a reprehenderit culpa iusto eum architecto.</description>
        </package>
    http_version: 
  recorded_at: Wed, 03 May 2017 14:37:41 GMT
- request:
    method: put
    uri: http://localhost:3200/source/home:tom/test_package/_meta
    body:
      encoding: UTF-8
      string: |
        <package name="test_package" project="home:tom">
          <title>The Golden Bowl</title>
          <description>Sed a reprehenderit culpa iusto eum architecto.</description>
        </package>
    headers:
      Accept-Encoding:
      - gzip;q=1.0,deflate;q=0.6,identity;q=0.3
      Accept:
      - "*/*"
      User-Agent:
      - Ruby
  response:
    status:
      code: 200
      message: OK
    headers:
      Content-Type:
      - text/xml
      Cache-Control:
      - no-cache
      Connection:
      - close
      Content-Length:
      - '170'
    body:
      encoding: UTF-8
      string: |
        <package name="test_package" project="home:tom">
          <title>The Golden Bowl</title>
          <description>Sed a reprehenderit culpa iusto eum architecto.</description>
        </package>
    http_version: 
  recorded_at: Wed, 03 May 2017 14:37:41 GMT
- request:
    method: get
    uri: http://localhost:3200/build/home:tom/openSUSE_Tumbleweed/x86_64/_jobhistory?limit=100&package=test_package
    body:
      encoding: US-ASCII
      string: ''
    headers:
      Content-Type:
      - text/plain
      Accept-Encoding:
      - identity
      Accept:
      - "*/*"
      User-Agent:
      - Ruby
  response:
    status:
      code: 404
      message: project 'home tom' has no repository 'openSUSE_Tumbleweed'
    headers:
      Content-Type:
      - text/xml
      Cache-Control:
      - no-cache
      Connection:
      - close
      Content-Length:
      - '194'
    body:
      encoding: UTF-8
      string: |
        <status code="404">
          <summary>project 'home:tom' has no repository 'openSUSE_Tumbleweed'</summary>
          <details>404 project 'home:tom' has no repository 'openSUSE_Tumbleweed'</details>
        </status>
    http_version: 
  recorded_at: Wed, 03 May 2017 14:37:41 GMT
recorded_with: VCR 3.0.3
