---
http_interactions:
- request:
    method: put
    uri: http://backend:5352/source/home:tom/_meta?user=tom
    body:
      encoding: UTF-8
      string: |
        <project name="home:tom">
          <title/>
          <description/>
          <person userid="tom" role="maintainer"/>
        </project>
    headers:
      Accept-Encoding:
      - gzip;q=1.0,deflate;q=0.6,identity;q=0.3
      Accept:
      - "*/*"
      User-Agent:
      - Ruby
  response:
    status:
      code: 200
      message: OK
    headers:
      Content-Type:
      - text/xml
      Cache-Control:
      - no-cache
      Connection:
      - close
      Content-Length:
      - '129'
    body:
      encoding: UTF-8
      string: |
        <project name="home:tom">
          <title></title>
          <description></description>
          <person userid="tom" role="maintainer" />
        </project>
    http_version: 
  recorded_at: Tue, 22 May 2018 09:54:40 GMT
- request:
    method: put
    uri: http://backend:5352/source/home:tom/package_with_service/_meta?user=tom
    body:
      encoding: UTF-8
      string: |
        <package name="package_with_service" project="home:tom">
          <title>Tender Is the Night</title>
          <description>Id explicabo ducimus quibusdam qui illo esse.</description>
        </package>
    headers:
      Accept-Encoding:
      - gzip;q=1.0,deflate;q=0.6,identity;q=0.3
      Accept:
      - "*/*"
      User-Agent:
      - Ruby
  response:
    status:
      code: 200
      message: OK
    headers:
      Content-Type:
      - text/xml
      Cache-Control:
      - no-cache
      Connection:
      - close
      Content-Length:
      - '180'
    body:
      encoding: UTF-8
      string: |
        <package name="package_with_service" project="home:tom">
          <title>Tender Is the Night</title>
          <description>Id explicabo ducimus quibusdam qui illo esse.</description>
        </package>
    http_version: 
  recorded_at: Tue, 22 May 2018 09:54:40 GMT
- request:
    method: put
    uri: http://backend:5352/source/home:tom/package_with_service/_meta
    body:
      encoding: UTF-8
      string: |
        <package name="package_with_service" project="home:tom">
          <title>Tender Is the Night</title>
          <description>Id explicabo ducimus quibusdam qui illo esse.</description>
        </package>
    headers:
      Accept-Encoding:
      - gzip;q=1.0,deflate;q=0.6,identity;q=0.3
      Accept:
      - "*/*"
      User-Agent:
      - Ruby
  response:
    status:
      code: 200
      message: OK
    headers:
      Content-Type:
      - text/xml
      Cache-Control:
      - no-cache
      Connection:
      - close
      Content-Length:
      - '180'
    body:
      encoding: UTF-8
      string: |
        <package name="package_with_service" project="home:tom">
          <title>Tender Is the Night</title>
          <description>Id explicabo ducimus quibusdam qui illo esse.</description>
        </package>
    http_version: 
  recorded_at: Tue, 22 May 2018 09:54:40 GMT
- request:
    method: put
    uri: http://backend:5352/source/home:tom/package_with_service/_service
    body:
      encoding: UTF-8
      string: "<services/>"
    headers:
      Accept-Encoding:
      - gzip;q=1.0,deflate;q=0.6,identity;q=0.3
      Accept:
      - "*/*"
      User-Agent:
      - Ruby
  response:
    status:
      code: 200
      message: OK
    headers:
      Content-Type:
      - text/xml
      Cache-Control:
      - no-cache
      Connection:
      - close
      Content-Length:
      - '207'
    body:
      encoding: UTF-8
      string: |
        <revision rev="1" vrev="1">
          <srcmd5>be97e3d139da350f50f4dcf92b015f3e</srcmd5>
          <version>unknown</version>
          <time>1526982880</time>
          <user>unknown</user>
          <comment></comment>
          <requestid/>
        </revision>
    http_version: 
  recorded_at: Tue, 22 May 2018 09:54:40 GMT
- request:
    method: get
    uri: http://backend:5352/source/home:tom/package_with_service
    body:
      encoding: US-ASCII
      string: ''
    headers:
      Content-Type:
      - text/plain
      Accept-Encoding:
      - identity
      Accept:
      - "*/*"
      User-Agent:
      - Ruby
  response:
    status:
      code: 200
      message: OK
    headers:
      Content-Type:
      - text/xml
      Cache-Control:
      - no-cache
      Connection:
      - close
      Content-Length:
      - '241'
    body:
      encoding: UTF-8
      string: |
        <directory name="package_with_service" rev="1" vrev="1" srcmd5="be97e3d139da350f50f4dcf92b015f3e">
          <serviceinfo code="running" />
          <entry name="_service" md5="53b4f5c97c7a2122b964e5182c8325a2" size="11" mtime="1526982880" />
        </directory>
    http_version: 
  recorded_at: Tue, 22 May 2018 09:54:40 GMT
- request:
    method: get
    uri: http://backend:5352/source/home:tom/package_with_service/_serviceerror?rev=
    body:
      encoding: US-ASCII
      string: ''
    headers:
      Accept-Encoding:
      - gzip;q=1.0,deflate;q=0.6,identity;q=0.3
      Accept:
      - "*/*"
      User-Agent:
      - Ruby
  response:
    status:
      code: 400
      message: revision is empty
    headers:
      Content-Type:
      - text/xml
      Cache-Control:
      - no-cache
      Connection:
      - close
      Content-Length:
      - '69'
    body:
      encoding: UTF-8
      string: |
        <status code="400">
          <summary>revision is empty</summary>
        </status>
    http_version: 
  recorded_at: Tue, 22 May 2018 09:54:40 GMT
recorded_with: VCR 4.0.0
