---
http_interactions:
- request:
    method: put
    uri: http://localhost:3200/source/home:tom/_meta?user=tom
    body:
      encoding: UTF-8
      string: |
        <project name="home:tom">
          <title/>
          <description/>
          <person userid="tom" role="maintainer"/>
        </project>
    headers:
      Accept-Encoding:
      - gzip;q=1.0,deflate;q=0.6,identity;q=0.3
      Accept:
      - "*/*"
      User-Agent:
      - Ruby
  response:
    status:
      code: 200
      message: OK
    headers:
      Content-Type:
      - text/xml
      Cache-Control:
      - no-cache
      Connection:
      - close
      Content-Length:
      - '129'
    body:
      encoding: UTF-8
      string: |
        <project name="home:tom">
          <title></title>
          <description></description>
          <person userid="tom" role="maintainer" />
        </project>
    http_version: 
  recorded_at: Thu, 06 Apr 2017 11:33:45 GMT
- request:
    method: put
    uri: http://localhost:3200/source/home:other_user/_meta?user=other_user
    body:
      encoding: UTF-8
      string: |
        <project name="home:other_user">
          <title/>
          <description/>
          <person userid="other_user" role="maintainer"/>
        </project>
    headers:
      Accept-Encoding:
      - gzip;q=1.0,deflate;q=0.6,identity;q=0.3
      Accept:
      - "*/*"
      User-Agent:
      - Ruby
  response:
    status:
      code: 200
      message: OK
    headers:
      Content-Type:
      - text/xml
      Cache-Control:
      - no-cache
      Connection:
      - close
      Content-Length:
      - '143'
    body:
      encoding: UTF-8
      string: |
        <project name="home:other_user">
          <title></title>
          <description></description>
          <person userid="other_user" role="maintainer" />
        </project>
    http_version: 
  recorded_at: Thu, 06 Apr 2017 11:33:45 GMT
- request:
    method: put
    uri: http://localhost:3200/source/home:other_user/develpackage/_meta?user=_nobody_
    body:
      encoding: UTF-8
      string: |
        <package name="develpackage" project="home:other_user">
          <title/>
          <description/>
        </package>
    headers:
      Accept-Encoding:
      - gzip;q=1.0,deflate;q=0.6,identity;q=0.3
      Accept:
      - "*/*"
      User-Agent:
      - Ruby
  response:
    status:
      code: 200
      message: OK
    headers:
      Content-Type:
      - text/xml
      Cache-Control:
      - no-cache
      Connection:
      - close
      Content-Length:
      - '115'
    body:
      encoding: UTF-8
      string: |
        <package name="develpackage" project="home:other_user">
          <title></title>
          <description></description>
        </package>
    http_version: 
  recorded_at: Thu, 06 Apr 2017 11:33:45 GMT
- request:
    method: put
    uri: http://localhost:3200/source/home:other_user/develpackage/_meta
    body:
      encoding: UTF-8
      string: |
        <package name="develpackage" project="home:other_user">
          <title/>
          <description/>
        </package>
    headers:
      Accept-Encoding:
      - gzip;q=1.0,deflate;q=0.6,identity;q=0.3
      Accept:
      - "*/*"
      User-Agent:
      - Ruby
  response:
    status:
      code: 200
      message: OK
    headers:
      Content-Type:
      - text/xml
      Cache-Control:
      - no-cache
      Connection:
      - close
      Content-Length:
      - '115'
    body:
      encoding: UTF-8
      string: |
        <package name="develpackage" project="home:other_user">
          <title></title>
          <description></description>
        </package>
    http_version: 
  recorded_at: Thu, 06 Apr 2017 11:33:45 GMT
- request:
    method: put
    uri: http://localhost:3200/source/home:tom/package_with_develpackage/_meta?user=_nobody_
    body:
      encoding: UTF-8
      string: |
        <package name="package_with_develpackage" project="home:tom">
          <title/>
          <description/>
          <devel project="home:other_user" package="develpackage"/>
        </package>
    headers:
      Accept-Encoding:
      - gzip;q=1.0,deflate;q=0.6,identity;q=0.3
      Accept:
      - "*/*"
      User-Agent:
      - Ruby
  response:
    status:
      code: 200
      message: OK
    headers:
      Content-Type:
      - text/xml
      Cache-Control:
      - no-cache
      Connection:
      - close
      Content-Length:
      - '182'
    body:
      encoding: UTF-8
      string: |
        <package name="package_with_develpackage" project="home:tom">
          <title></title>
          <description></description>
          <devel project="home:other_user" package="develpackage" />
        </package>
    http_version: 
  recorded_at: Thu, 06 Apr 2017 11:33:45 GMT
- request:
    method: put
    uri: http://localhost:3200/source/home:tom/package_with_develpackage/_meta
    body:
      encoding: UTF-8
      string: |
        <package name="package_with_develpackage" project="home:tom">
          <title/>
          <description/>
          <devel project="home:other_user" package="develpackage"/>
        </package>
    headers:
      Accept-Encoding:
      - gzip;q=1.0,deflate;q=0.6,identity;q=0.3
      Accept:
      - "*/*"
      User-Agent:
      - Ruby
  response:
    status:
      code: 200
      message: OK
    headers:
      Content-Type:
      - text/xml
      Cache-Control:
      - no-cache
      Connection:
      - close
      Content-Length:
      - '182'
    body:
      encoding: UTF-8
      string: |
        <package name="package_with_develpackage" project="home:tom">
          <title></title>
          <description></description>
          <devel project="home:other_user" package="develpackage" />
        </package>
    http_version: 
  recorded_at: Thu, 06 Apr 2017 11:33:45 GMT
- request:
    method: put
    uri: http://localhost:3200/source/home:other_user/package_10/_meta?user=_nobody_
    body:
      encoding: UTF-8
      string: |
        <package name="package_10" project="home:other_user">
          <title/>
          <description/>
        </package>
    headers:
      Accept-Encoding:
      - gzip;q=1.0,deflate;q=0.6,identity;q=0.3
      Accept:
      - "*/*"
      User-Agent:
      - Ruby
  response:
    status:
      code: 200
      message: OK
    headers:
      Content-Type:
      - text/xml
      Cache-Control:
      - no-cache
      Connection:
      - close
      Content-Length:
      - '113'
    body:
      encoding: UTF-8
      string: |
        <package name="package_10" project="home:other_user">
          <title></title>
          <description></description>
        </package>
    http_version: 
  recorded_at: Thu, 06 Apr 2017 11:33:45 GMT
- request:
    method: put
    uri: http://localhost:3200/source/home:other_user/package_10/_meta
    body:
      encoding: UTF-8
      string: |
        <package name="package_10" project="home:other_user">
          <title/>
          <description/>
        </package>
    headers:
      Accept-Encoding:
      - gzip;q=1.0,deflate;q=0.6,identity;q=0.3
      Accept:
      - "*/*"
      User-Agent:
      - Ruby
  response:
    status:
      code: 200
      message: OK
    headers:
      Content-Type:
      - text/xml
      Cache-Control:
      - no-cache
      Connection:
      - close
      Content-Length:
      - '113'
    body:
      encoding: UTF-8
      string: |
        <package name="package_10" project="home:other_user">
          <title></title>
          <description></description>
        </package>
    http_version: 
  recorded_at: Thu, 06 Apr 2017 11:33:45 GMT
- request:
    method: put
    uri: http://localhost:3200/source/home:other_user/package_9/_meta?user=_nobody_
    body:
      encoding: UTF-8
      string: |
        <package name="package_9" project="home:other_user">
          <title/>
          <description/>
        </package>
    headers:
      Accept-Encoding:
      - gzip;q=1.0,deflate;q=0.6,identity;q=0.3
      Accept:
      - "*/*"
      User-Agent:
      - Ruby
  response:
    status:
      code: 200
      message: OK
    headers:
      Content-Type:
      - text/xml
      Cache-Control:
      - no-cache
      Connection:
      - close
      Content-Length:
      - '112'
    body:
      encoding: UTF-8
      string: |
        <package name="package_9" project="home:other_user">
          <title></title>
          <description></description>
        </package>
    http_version: 
  recorded_at: Thu, 06 Apr 2017 15:38:46 GMT
- request:
    method: put
    uri: http://localhost:3200/source/home:other_user/package_9/_meta
    body:
      encoding: UTF-8
      string: |
        <package name="package_9" project="home:other_user">
          <title/>
          <description/>
        </package>
    headers:
      Accept-Encoding:
      - gzip;q=1.0,deflate;q=0.6,identity;q=0.3
      Accept:
      - "*/*"
      User-Agent:
      - Ruby
  response:
    status:
      code: 200
      message: OK
    headers:
      Content-Type:
      - text/xml
      Cache-Control:
      - no-cache
      Connection:
      - close
      Content-Length:
      - '112'
    body:
      encoding: UTF-8
      string: |
        <package name="package_9" project="home:other_user">
          <title></title>
          <description></description>
        </package>
    http_version: 
  recorded_at: Thu, 06 Apr 2017 15:38:46 GMT
- request:
    method: put
    uri: http://localhost:3200/source/home:other_user/package_19/_meta?user=_nobody_
    body:
      encoding: UTF-8
      string: |
        <package name="package_19" project="home:other_user">
          <title/>
          <description/>
        </package>
    headers:
      Accept-Encoding:
      - gzip;q=1.0,deflate;q=0.6,identity;q=0.3
      Accept:
      - "*/*"
      User-Agent:
      - Ruby
  response:
    status:
      code: 200
      message: OK
    headers:
      Content-Type:
      - text/xml
      Cache-Control:
      - no-cache
      Connection:
      - close
      Content-Length:
      - '113'
    body:
      encoding: UTF-8
      string: |
        <package name="package_19" project="home:other_user">
          <title></title>
          <description></description>
        </package>
    http_version: 
  recorded_at: Thu, 06 Apr 2017 15:48:31 GMT
- request:
    method: put
    uri: http://localhost:3200/source/home:other_user/package_19/_meta
    body:
      encoding: UTF-8
      string: |
        <package name="package_19" project="home:other_user">
          <title/>
          <description/>
        </package>
    headers:
      Accept-Encoding:
      - gzip;q=1.0,deflate;q=0.6,identity;q=0.3
      Accept:
      - "*/*"
      User-Agent:
      - Ruby
  response:
    status:
      code: 200
      message: OK
    headers:
      Content-Type:
      - text/xml
      Cache-Control:
      - no-cache
      Connection:
      - close
      Content-Length:
      - '113'
    body:
      encoding: UTF-8
      string: |
        <package name="package_19" project="home:other_user">
          <title></title>
          <description></description>
        </package>
    http_version: 
  recorded_at: Thu, 06 Apr 2017 15:48:31 GMT
- request:
    method: put
    uri: http://localhost:3200/source/home:other_user/package_2/_meta?user=_nobody_
    body:
      encoding: UTF-8
      string: |
        <package name="package_2" project="home:other_user">
          <title/>
          <description/>
        </package>
    headers:
      Accept-Encoding:
      - gzip;q=1.0,deflate;q=0.6,identity;q=0.3
      Accept:
      - "*/*"
      User-Agent:
      - Ruby
  response:
    status:
      code: 200
      message: OK
    headers:
      Content-Type:
      - text/xml
      Cache-Control:
      - no-cache
      Connection:
      - close
      Content-Length:
      - '112'
    body:
      encoding: UTF-8
      string: |
        <package name="package_2" project="home:other_user">
          <title></title>
          <description></description>
        </package>
    http_version: 
  recorded_at: Thu, 06 Apr 2017 15:49:28 GMT
- request:
    method: put
    uri: http://localhost:3200/source/home:other_user/package_2/_meta
    body:
      encoding: UTF-8
      string: |
        <package name="package_2" project="home:other_user">
          <title/>
          <description/>
        </package>
    headers:
      Accept-Encoding:
      - gzip;q=1.0,deflate;q=0.6,identity;q=0.3
      Accept:
      - "*/*"
      User-Agent:
      - Ruby
  response:
    status:
      code: 200
      message: OK
    headers:
      Content-Type:
      - text/xml
      Cache-Control:
      - no-cache
      Connection:
      - close
      Content-Length:
      - '112'
    body:
      encoding: UTF-8
      string: |
        <package name="package_2" project="home:other_user">
          <title></title>
          <description></description>
        </package>
    http_version: 
  recorded_at: Thu, 06 Apr 2017 15:49:28 GMT
recorded_with: VCR 3.0.3
