---
http_interactions:
- request:
    method: put
    uri: http://localhost:3200/source/home:tom/_meta?user=tom
    body:
      encoding: UTF-8
      string: |
        <project name="home:tom">
          <title/>
          <description/>
          <person userid="tom" role="maintainer"/>
        </project>
    headers:
      Accept-Encoding:
      - gzip;q=1.0,deflate;q=0.6,identity;q=0.3
      Accept:
      - "*/*"
      User-Agent:
      - Ruby
  response:
    status:
      code: 200
      message: OK
    headers:
      Content-Type:
      - text/xml
      Cache-Control:
      - no-cache
      Connection:
      - close
      Content-Length:
      - '129'
    body:
      encoding: UTF-8
      string: |
        <project name="home:tom">
          <title></title>
          <description></description>
          <person userid="tom" role="maintainer" />
        </project>
    http_version: 
  recorded_at: Wed, 14 Jun 2017 14:03:10 GMT
- request:
    method: put
    uri: http://localhost:3200/source/fake_project/_meta
    body:
      encoding: UTF-8
      string: |
        <project name="fake_project">
          <title>It's a Battlefield</title>
          <description/>
        </project>
    headers:
      Accept-Encoding:
      - gzip;q=1.0,deflate;q=0.6,identity;q=0.3
      Accept:
      - "*/*"
      User-Agent:
      - Ruby
  response:
    status:
      code: 200
      message: OK
    headers:
      Content-Type:
      - text/xml
      Cache-Control:
      - no-cache
      Connection:
      - close
      Content-Length:
      - '107'
    body:
      encoding: UTF-8
      string: |
        <project name="fake_project">
          <title>It's a Battlefield</title>
          <description></description>
        </project>
    http_version: 
  recorded_at: Wed, 14 Jun 2017 14:03:10 GMT
- request:
    method: put
    uri: http://localhost:3200/source/fake_project/_config
    body:
      encoding: UTF-8
      string: Voluptas architecto quisquam. In blanditiis rerum quia veniam consequuntur
        sunt. Dolor rerum eius tempora id enim recusandae voluptatibus. Eligendi et
        provident. At nobis saepe minima praesentium explicabo magnam.
    headers:
      Accept-Encoding:
      - gzip;q=1.0,deflate;q=0.6,identity;q=0.3
      Accept:
      - "*/*"
      User-Agent:
      - Ruby
  response:
    status:
      code: 200
      message: OK
    headers:
      Content-Type:
      - text/xml
      Cache-Control:
      - no-cache
      Connection:
      - close
      Content-Length:
      - '21'
    body:
      encoding: UTF-8
      string: '<status code="ok" />

'
    http_version: 
  recorded_at: Wed, 14 Jun 2017 14:03:10 GMT
- request:
    method: put
    uri: http://localhost:3200/source/fake_project/fake_package/_meta?user=tom
    body:
      encoding: UTF-8
      string: |
        <package name="fake_package" project="fake_project">
          <title>The Doors of Perception</title>
          <description>Labore et eligendi asperiores et ut.</description>
        </package>
    headers:
      Accept-Encoding:
      - gzip;q=1.0,deflate;q=0.6,identity;q=0.3
      Accept:
      - "*/*"
      User-Agent:
      - Ruby
  response:
    status:
      code: 200
      message: OK
    headers:
      Content-Type:
      - text/xml
      Cache-Control:
      - no-cache
      Connection:
      - close
      Content-Length:
      - '171'
    body:
      encoding: UTF-8
      string: |
        <package name="fake_package" project="fake_project">
          <title>The Doors of Perception</title>
          <description>Labore et eligendi asperiores et ut.</description>
        </package>
    http_version: 
  recorded_at: Wed, 14 Jun 2017 14:03:10 GMT
- request:
    method: put
    uri: http://localhost:3200/source/fake_project/fake_package/_meta
    body:
      encoding: UTF-8
      string: |
        <package name="fake_package" project="fake_project">
          <title>The Doors of Perception</title>
          <description>Labore et eligendi asperiores et ut.</description>
        </package>
    headers:
      Accept-Encoding:
      - gzip;q=1.0,deflate;q=0.6,identity;q=0.3
      Accept:
      - "*/*"
      User-Agent:
      - Ruby
  response:
    status:
      code: 200
      message: OK
    headers:
      Content-Type:
      - text/xml
      Cache-Control:
      - no-cache
      Connection:
      - close
      Content-Length:
      - '171'
    body:
      encoding: UTF-8
      string: |
        <package name="fake_package" project="fake_project">
          <title>The Doors of Perception</title>
          <description>Labore et eligendi asperiores et ut.</description>
        </package>
    http_version: 
  recorded_at: Wed, 14 Jun 2017 14:03:10 GMT
- request:
    method: put
    uri: http://localhost:3200/source/fake_project/fake_package/fake_package.kiwi
    body:
      encoding: UTF-8
      string: |-
        <?xml version="1.0" encoding="UTF-8"?>
        <image name="Christians_openSUSE_13.2_JeOS" displayname="Christians_openSUSE_13.2_JeOS" schemaversion="5.2">
          <description type="system">
            <author>Christian Bruckmayer</author>
            <contact>noemail@example.com</contact>
            <specification>Tiny, minimalistic appliances</specification>
          </description>
        </image>
    headers:
      Accept-Encoding:
      - gzip;q=1.0,deflate;q=0.6,identity;q=0.3
      Accept:
      - "*/*"
      User-Agent:
      - Ruby
  response:
    status:
      code: 200
      message: OK
    headers:
      Content-Type:
      - text/xml
      Cache-Control:
      - no-cache
      Connection:
      - close
      Content-Length:
      - '209'
    body:
      encoding: UTF-8
      string: |
        <revision rev="22" vrev="22">
          <srcmd5>bd4d181718ca5c411e08465f0c205f86</srcmd5>
          <version>unknown</version>
          <time>1497448990</time>
          <user>unknown</user>
          <comment></comment>
          <requestid/>
        </revision>
    http_version: 
  recorded_at: Wed, 14 Jun 2017 14:03:10 GMT
- request:
    method: put
    uri: http://localhost:3200/source/home:tom/package_with_kiwi_image/_meta?user=tom
    body:
      encoding: UTF-8
      string: |
        <package name="package_with_kiwi_image" project="home:tom">
          <title>In Death Ground</title>
          <description>Voluptate sed ut debitis aut enim accusamus.</description>
        </package>
    headers:
      Accept-Encoding:
      - gzip;q=1.0,deflate;q=0.6,identity;q=0.3
      Accept:
      - "*/*"
      User-Agent:
      - Ruby
  response:
    status:
      code: 200
      message: OK
    headers:
      Content-Type:
      - text/xml
      Cache-Control:
      - no-cache
      Connection:
      - close
      Content-Length:
      - '178'
    body:
      encoding: UTF-8
      string: |
        <package name="package_with_kiwi_image" project="home:tom">
          <title>In Death Ground</title>
          <description>Voluptate sed ut debitis aut enim accusamus.</description>
        </package>
    http_version: 
  recorded_at: Thu, 29 Jun 2017 21:29:46 GMT
- request:
    method: put
    uri: http://localhost:3200/source/home:tom/package_with_kiwi_image/_meta
    body:
      encoding: UTF-8
      string: |
        <package name="package_with_kiwi_image" project="home:tom">
          <title>In Death Ground</title>
          <description>Voluptate sed ut debitis aut enim accusamus.</description>
        </package>
    headers:
      Accept-Encoding:
      - gzip;q=1.0,deflate;q=0.6,identity;q=0.3
      Accept:
      - "*/*"
      User-Agent:
      - Ruby
  response:
    status:
      code: 200
      message: OK
    headers:
      Content-Type:
      - text/xml
      Cache-Control:
      - no-cache
      Connection:
      - close
      Content-Length:
      - '178'
    body:
      encoding: UTF-8
      string: |
        <package name="package_with_kiwi_image" project="home:tom">
          <title>In Death Ground</title>
          <description>Voluptate sed ut debitis aut enim accusamus.</description>
        </package>
    http_version: 
  recorded_at: Thu, 29 Jun 2017 21:29:46 GMT
- request:
    method: put
    uri: http://localhost:3200/source/home:tom/package_with_kiwi_image/package_with_kiwi_image.kiwi
    body:
      encoding: UTF-8
      string: |
        <?xml version="1.0" encoding="utf-8"?>
        <image schemaversion="6.2" name="suse-13.2-live">
          <description type="system">
          </description>
          <preferences>
            <type image="oem" primary="true" boot="oemboot/suse-13.2"/>
          </preferences>
          <packages type="bootstrap">
          </packages>
        </image>
    headers:
      Accept-Encoding:
      - gzip;q=1.0,deflate;q=0.6,identity;q=0.3
      Accept:
      - "*/*"
      User-Agent:
      - Ruby
  response:
    status:
      code: 200
      message: OK
    headers:
      Content-Type:
      - text/xml
      Cache-Control:
      - no-cache
      Connection:
      - close
      Content-Length:
      - '209'
    body:
      encoding: UTF-8
      string: |
        <revision rev="47" vrev="47">
          <srcmd5>3822662924706b810ffb158183355052</srcmd5>
          <version>unknown</version>
          <time>1498771786</time>
          <user>unknown</user>
          <comment></comment>
          <requestid/>
        </revision>
    http_version: 
  recorded_at: Thu, 29 Jun 2017 21:29:46 GMT
- request:
    method: put
    uri: http://localhost:3200/source/home:tom/package_with_kiwi_image/_meta?user=tom
    body:
      encoding: UTF-8
      string: |
        <package name="package_with_kiwi_image" project="home:tom">
          <title>In Death Ground</title>
          <description>Voluptate sed ut debitis aut enim accusamus.</description>
        </package>
    headers:
      Accept-Encoding:
      - gzip;q=1.0,deflate;q=0.6,identity;q=0.3
      Accept:
      - "*/*"
      User-Agent:
      - Ruby
  response:
    status:
      code: 200
      message: OK
    headers:
      Content-Type:
      - text/xml
      Cache-Control:
      - no-cache
      Connection:
      - close
      Content-Length:
      - '178'
    body:
      encoding: UTF-8
      string: |
        <package name="package_with_kiwi_image" project="home:tom">
          <title>In Death Ground</title>
          <description>Voluptate sed ut debitis aut enim accusamus.</description>
        </package>
    http_version: 
  recorded_at: Thu, 29 Jun 2017 21:29:46 GMT
- request:
    method: get
    uri: http://localhost:3200/source/home:tom/package_with_kiwi_image
    body:
      encoding: US-ASCII
      string: ''
    headers:
      Accept-Encoding:
      - gzip;q=1.0,deflate;q=0.6,identity;q=0.3
      Accept:
      - "*/*"
      User-Agent:
      - Ruby
  response:
    status:
      code: 200
      message: OK
    headers:
      Content-Type:
      - text/xml
      Cache-Control:
      - no-cache
      Connection:
      - close
      Content-Length:
      - '234'
    body:
      encoding: UTF-8
      string: |
        <directory name="package_with_kiwi_image" rev="47" vrev="47" srcmd5="3822662924706b810ffb158183355052">
          <entry name="package_with_kiwi_image.kiwi" md5="3eb87e3299e4dbb72703842403c3dd21" size="286" mtime="1498747779" />
        </directory>
    http_version: 
  recorded_at: Thu, 29 Jun 2017 21:29:46 GMT
recorded_with: VCR 3.0.3
